association/test_contract.py::test_contract_rejects_changed_frames_gt_sources_and_budgets[inputs-frames_sha256-ffffffffffffffffffffffffffffffffffffffffffffffffffffffffffffffff]
association/test_contract.py::test_contract_rejects_changed_frames_gt_sources_and_budgets[inputs-native_gt_sha256-ffffffffffffffffffffffffffffffffffffffffffffffffffffffffffffffff]
association/test_contract.py::test_contract_rejects_changed_frames_gt_sources_and_budgets[inputs-eligible_count-1023]
association/test_contract.py::test_contract_rejects_changed_frames_gt_sources_and_budgets[inputs-native_count-1053]
association/test_contract.py::test_contract_rejects_changed_frames_gt_sources_and_budgets[inputs-fixed_eligible_count-72]
association/test_contract.py::test_contract_rejects_changed_frames_gt_sources_and_budgets[budgets-step_seconds-7201]
association/test_contract.py::test_contract_rejects_changed_frames_gt_sources_and_budgets[budgets-scientific_bytes-17179869184]
association/test_contract.py::test_contract_rejects_changed_frames_gt_sources_and_budgets[model-decoder-V2]
association/test_contract.py::test_contract_rejects_changed_frames_gt_sources_and_budgets[graph-max_radius-4]
association/test_contract.py::test_contract_rejects_changed_frames_gt_sources_and_budgets[fit-consecutive-1]
association/test_contract.py::test_alpha_boundaries[0-0.0]
association/test_contract.py::test_alpha_boundaries[64-0.0]
association/test_contract.py::test_alpha_boundaries[65-0.005208333333333333]
association/test_contract.py::test_alpha_boundaries[160-0.5]
association/test_contract.py::test_alpha_boundaries[255-0.9947916666666666]
association/test_contract.py::test_alpha_boundaries[256-1.0]
association/test_contract.py::test_alpha_boundaries[10000-1.0]
association/test_contract.py::test_alpha_rejects_invalid_completed_updates[-1]
association/test_contract.py::test_alpha_rejects_invalid_completed_updates[1.5]
association/test_contract.py::test_alpha_rejects_invalid_completed_updates[True]
association/test_contract.py::test_alpha_rejects_invalid_completed_updates[64]
association/test_contract.py::test_alpha_rejects_invalid_completed_updates[None]
association/test_contract.py::test_absent_solver_requires_new_runtime_admission[cpu-scipy_version-None]
association/test_contract.py::test_absent_solver_requires_new_runtime_admission[training-solver-None]
association/test_contract.py::test_absent_solver_requires_new_runtime_admission[training-admission_sha256-None]
association/test_contract.py::test_validated_copy_cannot_mutate_caller_or_accepted_pins
association/test_contract.py::test_matching_candidate_and_inputs_cannot_redefine_required_scope
association/test_contract.py::test_loss_equations_cannot_drift[focal_alpha]
association/test_contract.py::test_loss_equations_cannot_drift[focal_gamma]
association/test_contract.py::test_loss_equations_cannot_drift[smooth_l1_beta]
association/test_contract.py::test_loss_equations_cannot_drift[direction]
association/test_contract.py::test_primary_ceiling_is_part_of_the_accepted_fixed_batch_protocol
association/test_contract.py::test_alpha_saturates_without_integer_to_float_overflow
association/test_provenance.py::test_contradictory_metadata_cannot_inherit_verified_identity[baseline_source_hashes]
association/test_provenance.py::test_contradictory_metadata_cannot_inherit_verified_identity[frame_bindings]
association/test_provenance.py::test_contradictory_metadata_cannot_inherit_verified_identity[input_hash_preimages]
association/test_provenance.py::test_contradictory_metadata_cannot_inherit_verified_identity[association_source_hashes]
association/test_provenance.py::test_contradictory_metadata_cannot_inherit_verified_identity[initial_model_tensor_sha256]
association/test_provenance.py::test_contradictory_metadata_cannot_inherit_verified_identity[treatment_recipes]
association/test_provenance.py::test_contradictory_metadata_cannot_inherit_verified_identity[model_construction_recipe]
association/test_provenance.py::test_contradictory_metadata_cannot_inherit_verified_identity[initial_hash_encoding]

41 tests collected in 0.11s
